  Determining projects to restore...
  All projects are up-to-date for restore.
  OCC.Shared -> C:\Users\Neil\source\repos\OCC-Rev5\OCC.Shared\bin\Debug\net9.0\OCC.Shared.dll
  Avalonia Accelerate Community requires telemetry. To opt out, please upgrade to a paid tier. Learn more: https://avaloniaui.net/accelerate/
C:\Users\Neil\source\repos\OCC-Rev5\OCC.Client\OCC.Client\ViewModels\MainViewModel.cs(28,96): error CS0246: The type or namespace name 'HomeViewModel' could not be found (are you missing a using directive or an assembly reference?) [C:\Users\Neil\source\repos\OCC-Rev5\OCC.Client\OCC.Client\OCC.Client.csproj]
C:\Users\Neil\source\repos\OCC-Rev5\OCC.Client\OCC.Client\Converters\SidebarConverters.cs(15,60): error CS1061: 'Application' does not contain a definition for 'FindResource' and no accessible extension method 'FindResource' accepting a first argument of type 'Application' could be found (are you missing a using directive or an assembly reference?) [C:\Users\Neil\source\repos\OCC-Rev5\OCC.Client\OCC.Client\OCC.Client.csproj]
C:\Users\Neil\source\repos\OCC-Rev5\OCC.Client\OCC.Client\Converters\SidebarConverters.cs(15,124): error CS1061: 'Application' does not contain a definition for 'FindResource' and no accessible extension method 'FindResource' accepting a first argument of type 'Application' could be found (are you missing a using directive or an assembly reference?) [C:\Users\Neil\source\repos\OCC-Rev5\OCC.Client\OCC.Client\OCC.Client.csproj]
C:\Users\Neil\source\repos\OCC-Rev5\OCC.Client\OCC.Client\Converters\SidebarConverters.cs(18,79): error CS1593: Delegate 'Func<string?, IBrush>' does not take 2 arguments [C:\Users\Neil\source\repos\OCC-Rev5\OCC.Client\OCC.Client\OCC.Client.csproj]

Build FAILED.

C:\Users\Neil\source\repos\OCC-Rev5\OCC.Client\OCC.Client\ViewModels\MainViewModel.cs(28,96): error CS0246: The type or namespace name 'HomeViewModel' could not be found (are you missing a using directive or an assembly reference?) [C:\Users\Neil\source\repos\OCC-Rev5\OCC.Client\OCC.Client\OCC.Client.csproj]
C:\Users\Neil\source\repos\OCC-Rev5\OCC.Client\OCC.Client\Converters\SidebarConverters.cs(15,60): error CS1061: 'Application' does not contain a definition for 'FindResource' and no accessible extension method 'FindResource' accepting a first argument of type 'Application' could be found (are you missing a using directive or an assembly reference?) [C:\Users\Neil\source\repos\OCC-Rev5\OCC.Client\OCC.Client\OCC.Client.csproj]
C:\Users\Neil\source\repos\OCC-Rev5\OCC.Client\OCC.Client\Converters\SidebarConverters.cs(15,124): error CS1061: 'Application' does not contain a definition for 'FindResource' and no accessible extension method 'FindResource' accepting a first argument of type 'Application' could be found (are you missing a using directive or an assembly reference?) [C:\Users\Neil\source\repos\OCC-Rev5\OCC.Client\OCC.Client\OCC.Client.csproj]
C:\Users\Neil\source\repos\OCC-Rev5\OCC.Client\OCC.Client\Converters\SidebarConverters.cs(18,79): error CS1593: Delegate 'Func<string?, IBrush>' does not take 2 arguments [C:\Users\Neil\source\repos\OCC-Rev5\OCC.Client\OCC.Client\OCC.Client.csproj]
    0 Warning(s)
    4 Error(s)

Time Elapsed 00:00:00.74
